[INFO] Scanning for projects...
[INFO] Inspecting build with total of 1 modules
[INFO] Installing Central Publishing features
[INFO] 
[INFO] ----------< io.telicent.smart-caches:distribution-lifecycle >-----------
[INFO] Building Telicent Smart Caches - Distribution Lifecycle 1.3.3-SNAPSHOT
[INFO]   from pom.xml
[INFO] --------------------------------[ jar ]---------------------------------
[INFO] 
[INFO] --- enforcer:3.6.3:enforce (enforce-versions) @ distribution-lifecycle ---
[INFO] Rule 0: org.apache.maven.enforcer.rules.version.RequireMavenVersion passed
[INFO] Rule 1: org.apache.maven.enforcer.rules.version.RequireJavaVersion passed
[INFO] 
[INFO] --- license:5.1.2:check (check-licenses) @ distribution-lifecycle ---
[INFO] Checking licenses...
[INFO] License check: 59 file(s) checked (OK: 59, Missing: 0, Unknown: 0)
[INFO] 
[INFO] --- dependency:3.11.0:properties (properties) @ distribution-lifecycle ---
[INFO] 
[INFO] --- lombok:1.18.20.0:delombok (default) @ distribution-lifecycle ---
[INFO] Delombok complete.
[INFO] 
[INFO] --- buildnumber:3.3.0:create-metadata (default) @ distribution-lifecycle ---
[INFO] 
[INFO] --- resources:3.3.1:resources (default-resources) @ distribution-lifecycle ---
[INFO] skip non existing resourceDirectory /Users/paulgallagher/Code/smart-caches-core/distribution-lifecycle/src/main/resources
[INFO] Copying 1 resource from target/generated/build-metadata to target/classes
[INFO] 
[INFO] --- compiler:3.15.0:compile (default-compile) @ distribution-lifecycle ---
[INFO] Nothing to compile - all classes are up to date.
[INFO] 
[INFO] --- resources:3.3.1:testResources (default-testResources) @ distribution-lifecycle ---
[INFO] skip non existing resourceDirectory /Users/paulgallagher/Code/smart-caches-core/distribution-lifecycle/src/test/resources
[INFO] 
[INFO] --- compiler:3.15.0:testCompile (default-testCompile) @ distribution-lifecycle ---
[INFO] Nothing to compile - all classes are up to date.
[INFO] 
[INFO] --- jacoco:0.8.15:prepare-agent (prepare-agent) @ distribution-lifecycle ---
[INFO] argLine set to -javaagent:/Users/paulgallagher/.m2/repository/org/jacoco/org.jacoco.agent/0.8.15/org.jacoco.agent-0.8.15-runtime.jar=destfile=/Users/paulgallagher/Code/smart-caches-core/distribution-lifecycle/target/jacoco.exec,append=true
[INFO] 
[INFO] --- surefire:3.5.6:test (default-test) @ distribution-lifecycle ---
[INFO] Using auto detected provider org.apache.maven.surefire.testng.TestNGProvider
[INFO] 
[INFO] -------------------------------------------------------
[INFO]  T E S T S
[INFO] -------------------------------------------------------
[INFO] Running TestSuite
[ERROR] Tests run: 404, Failures: 1, Errors: 0, Skipped: 16, Time elapsed: 127.2 s <<< FAILURE! -- in TestSuite
[ERROR] io.telicent.smart.cache.distribution.lifecycle.tracker.DockerTestDistributionLifecycleTracker.givenTracker_whenReceivingBadEventsFromKafka_thenTrackerStillUpdatesStateStoreFromGoodEvents_andBadEventsGoToDlq -- Time elapsed: 5.431 s <<< FAILURE!
java.lang.IllegalStateException: State Store is closed
	at io.telicent.smart.cache.distribution.lifecycle.store.AbstractDistributionLifecycleStore.ensureNotClosed(AbstractDistributionLifecycleStore.java:81)
	at io.telicent.smart.cache.distribution.lifecycle.store.AbstractDistributionLifecycleStore.getLifecycleState(AbstractDistributionLifecycleStore.java:265)
	at io.telicent.smart.cache.distribution.lifecycle.Util.lambda$verifyDistributionState$2(Util.java:132)
	at org.awaitility.core.AbstractHamcrestCondition.lambda$new$0(AbstractHamcrestCondition.java:48)
	at org.awaitility.core.ConditionAwaiter$ConditionPoller.call(ConditionAwaiter.java:248)
	at org.awaitility.core.ConditionAwaiter$ConditionPoller.call(ConditionAwaiter.java:235)
	at java.base/java.util.concurrent.FutureTask.run(FutureTask.java:317)
	at java.base/java.util.concurrent.ThreadPoolExecutor.runWorker(ThreadPoolExecutor.java:1144)
	at java.base/java.util.concurrent.ThreadPoolExecutor$Worker.run(ThreadPoolExecutor.java:642)
	at java.base/java.lang.Thread.run(Thread.java:1575)

[INFO] 
[INFO] Results:
[INFO] 
[ERROR] Failures: 
[ERROR]   DockerTestDistributionLifecycleTracker.givenTracker_whenReceivingBadEventsFromKafka_thenTrackerStillUpdatesStateStoreFromGoodEvents_andBadEventsGoToDlq » IllegalState State Store is closed
[INFO] 
[ERROR] Tests run: 404, Failures: 1, Errors: 0, Skipped: 16
[INFO] 
[INFO] ------------------------------------------------------------------------
[INFO] BUILD FAILURE
[INFO] ------------------------------------------------------------------------
[INFO] Total time:  02:13 min
[INFO] Finished at: 2026-09-08T12:41:03+01:00
[INFO] ------------------------------------------------------------------------
[ERROR] Failed to execute goal org.apache.maven.plugins:maven-surefire-plugin:3.5.6:test (default-test) on project distribution-lifecycle: There are test failures.
[ERROR] 
[ERROR] See /Users/paulgallagher/Code/smart-caches-core/distribution-lifecycle/target/surefire-reports for the individual test results.
[ERROR] See dump files (if any exist) [date].dump, [date]-jvmRun[N].dump and [date].dumpstream.
[ERROR] -> [Help 1]
[ERROR] 
[ERROR] To see the full stack trace of the errors, re-run Maven with the -e switch.
[ERROR] Re-run Maven using the -X switch to enable full debug logging.
[ERROR] 
[ERROR] For more information about the errors and possible solutions, please read the following articles:
[ERROR] [Help 1] http://cwiki.apache.org/confluence/display/MAVEN/MojoFailureException
